// Vitest Snapshot v1, https://vitest.dev/guide/snapshot.html

exports[`EditFiltersPage > renders 1`] = `
<DocumentFragment>
  <div
    class="container"
  >
    <button
      class="btn btn-warning btn-sm"
      type="button"
    >
      New Filter(!)
    </button>
    <div />
  </div>
</DocumentFragment>
`;

exports[`EditFiltersPage renders 1`] = `
<DocumentFragment>
  <div
    class="container"
  >
    <button
      class="btn btn-warning btn-sm"
      type="button"
    >
      New Filter(!)
    </button>
    <div />
  </div>
</DocumentFragment>
`;
