// Jest Snapshot v1, https://goo.gl/fbAQLP

exports[`FilesList renders 1`] = `
<DocumentFragment>
  <div
    class="container"
  >
    <div
      class="row"
    >
      <div
        class="col"
      >
        <h1>
          Files
        </h1>
        <table
          class="table"
        >
          <thead>
            <tr>
              <th>
                <span>
                  Name
                </span>
              </th>
              <th>
                Updated
              </th>
              <th>
                Created
              </th>
              <th>
                Size
              </th>
            </tr>
          </thead>
          <tbody>
            <tr>
              <td>
                <a
                  href="/files/test"
                >
                  test
                </a>
              </td>
              <td />
              <td />
              <td>
                1
              </td>
            </tr>
          </tbody>
          <tfoot>
            <tr>
              <th>
                name
              </th>
              <th>
                updated
              </th>
              <th>
                created
              </th>
              <th>
                size
              </th>
            </tr>
          </tfoot>
        </table>
      </div>
    </div>
  </div>
</DocumentFragment>
`;
